{
  "title": "The Quick Brown Fox",
  "content_type": "markdown",
  "content": "The quick brown fox jumps over the lazy dog. The quick brown fox jumps over the lazy dog. The quick brown fox jumps over the lazy dog.\n\nSphinx of black quartz, judge my vow. Sphinx of black quartz, judge my vow. Sphinx of black quartz, judge my vow.\n\nPack my box with five dozen liquor jugs. Pack my box with five dozen liquor jugs. Pack my box with five dozen liquor jugs."
}